This is pdfTeX, Version 3.141592653-2.6-1.40.27 (TeX Live 2025) (preloaded format=pdflatex 2025.3.8)  29 JUL 2026 06:59
entering extended mode
 restricted \write18 enabled.
 %&-line parsing enabled.
**main.tex
(./main.tex
LaTeX2e <2024-11-01> patch level 2
L3 programming layer <2025-01-18>
(/usr/local/texlive/2025/texmf-dist/tex/latex/base/article.cls
Document Class: article 2024/06/29 v1.4n Standard LaTeX document class
(/usr/local/texlive/2025/texmf-dist/tex/latex/base/size11.clo
File: size11.clo 2024/06/29 v1.4n Standard LaTeX file (size option)
)
\c@part=\count196
\c@section=\count197
\c@subsection=\count198
\c@subsubsection=\count199
\c@paragraph=\count266
\c@subparagraph=\count267
\c@figure=\count268
\c@table=\count269
\abovecaptionskip=\skip49
\belowcaptionskip=\skip50
\bibindent=\dimen141
) (./arxiv.sty
(/usr/local/texlive/2025/texmf-dist/tex/latex/geometry/geometry.sty
Package: geometry 2020/01/02 v5.9 Page Geometry

(/usr/local/texlive/2025/texmf-dist/tex/latex/graphics/keyval.sty
Package: keyval 2022/05/29 v1.15 key=value parser (DPC)
\KV@toks@=\toks17
)
(/usr/local/texlive/2025/texmf-dist/tex/generic/iftex/ifvtex.sty
Package: ifvtex 2019/10/25 v1.7 ifvtex legacy package. Use iftex instead.

(/usr/local/texlive/2025/texmf-dist/tex/generic/iftex/iftex.sty
Package: iftex 2024/12/12 v1.0g TeX engine tests
))
\Gm@cnth=\count270
\Gm@cntv=\count271
\c@Gm@tempcnt=\count272
\Gm@bindingoffset=\dimen142
\Gm@wd@mp=\dimen143
\Gm@odd@mp=\dimen144
\Gm@even@mp=\dimen145
\Gm@layoutwidth=\dimen146
\Gm@layoutheight=\dimen147
\Gm@layouthoffset=\dimen148
\Gm@layoutvoffset=\dimen149
\Gm@dimlist=\toks18
)
(/usr/local/texlive/2025/texmf-dist/tex/latex/fancyhdr/fancyhdr.sty
Package: fancyhdr 2025/02/07 v5.2 Extensive control of page headers and footers

\f@nch@headwidth=\skip51
\f@nch@offset@elh=\skip52
\f@nch@offset@erh=\skip53
\f@nch@offset@olh=\skip54
\f@nch@offset@orh=\skip55
\f@nch@offset@elf=\skip56
\f@nch@offset@erf=\skip57
\f@nch@offset@olf=\skip58
\f@nch@offset@orf=\skip59
\f@nch@height=\skip60
\f@nch@footalignment=\skip61
\f@nch@widthL=\skip62
\f@nch@widthC=\skip63
\f@nch@widthR=\skip64
\@temptokenb=\toks19
)
\@abovecaptionskip=\skip65
\@belowcaptionskip=\skip66
)
(/usr/local/texlive/2025/texmf-dist/tex/latex/base/inputenc.sty
Package: inputenc 2024/02/08 v1.3d Input encoding file
\inpenc@prehook=\toks20
\inpenc@posthook=\toks21
)
(/usr/local/texlive/2025/texmf-dist/tex/latex/base/fontenc.sty
Package: fontenc 2021/04/29 v2.0v Standard LaTeX package
LaTeX Font Info:    Trying to load font information for T1+ptm on input line 11
6.

(/usr/local/texlive/2025/texmf-dist/tex/latex/psnfss/t1ptm.fd
File: t1ptm.fd 2001/06/04 font definitions for T1/ptm.
))
(/usr/local/texlive/2025/texmf-dist/tex/latex/hyperref/hyperref.sty
Package: hyperref 2024-11-05 v7.01l Hypertext links for LaTeX

(/usr/local/texlive/2025/texmf-dist/tex/latex/kvsetkeys/kvsetkeys.sty
Package: kvsetkeys 2022-10-05 v1.19 Key value parser (HO)
)
(/usr/local/texlive/2025/texmf-dist/tex/generic/kvdefinekeys/kvdefinekeys.sty
Package: kvdefinekeys 2019-12-19 v1.6 Define keys (HO)
)
(/usr/local/texlive/2025/texmf-dist/tex/generic/pdfescape/pdfescape.sty
Package: pdfescape 2019/12/09 v1.15 Implements pdfTeX's escape features (HO)

(/usr/local/texlive/2025/texmf-dist/tex/generic/ltxcmds/ltxcmds.sty
Package: ltxcmds 2023-12-04 v1.26 LaTeX kernel commands for general use (HO)
)
(/usr/local/texlive/2025/texmf-dist/tex/generic/pdftexcmds/pdftexcmds.sty
Package: pdftexcmds 2020-06-27 v0.33 Utility functions of pdfTeX for LuaTeX (HO
)

(/usr/local/texlive/2025/texmf-dist/tex/generic/infwarerr/infwarerr.sty
Package: infwarerr 2019/12/03 v1.5 Providing info/warning/error messages (HO)
)
Package pdftexcmds Info: \pdf@primitive is available.
Package pdftexcmds Info: \pdf@ifprimitive is available.
Package pdftexcmds Info: \pdfdraftmode found.
))
(/usr/local/texlive/2025/texmf-dist/tex/latex/hycolor/hycolor.sty
Package: hycolor 2020-01-27 v1.10 Color options for hyperref/bookmark (HO)
)
(/usr/local/texlive/2025/texmf-dist/tex/latex/hyperref/nameref.sty
Package: nameref 2023-11-26 v2.56 Cross-referencing by name of section

(/usr/local/texlive/2025/texmf-dist/tex/latex/refcount/refcount.sty
Package: refcount 2019/12/15 v3.6 Data extraction from label references (HO)
)
(/usr/local/texlive/2025/texmf-dist/tex/generic/gettitlestring/gettitlestring.s
ty
Package: gettitlestring 2019/12/15 v1.6 Cleanup title references (HO)
 (/usr/local/texlive/2025/texmf-dist/tex/latex/kvoptions/kvoptions.sty
Package: kvoptions 2022-06-15 v3.15 Key value format for package options (HO)
))
\c@section@level=\count273
)
(/usr/local/texlive/2025/texmf-dist/tex/latex/etoolbox/etoolbox.sty
Package: etoolbox 2025/02/11 v2.5l e-TeX tools for LaTeX (JAW)
\etb@tempcnta=\count274
)
(/usr/local/texlive/2025/texmf-dist/tex/generic/stringenc/stringenc.sty
Package: stringenc 2019/11/29 v1.12 Convert strings between diff. encodings (HO
)
)
\@linkdim=\dimen150
\Hy@linkcounter=\count275
\Hy@pagecounter=\count276

(/usr/local/texlive/2025/texmf-dist/tex/latex/hyperref/pd1enc.def
File: pd1enc.def 2024-11-05 v7.01l Hyperref: PDFDocEncoding definition (HO)
Now handling font encoding PD1 ...
... no UTF-8 mapping file for font encoding PD1
)
(/usr/local/texlive/2025/texmf-dist/tex/generic/intcalc/intcalc.sty
Package: intcalc 2019/12/15 v1.3 Expandable calculations with integers (HO)
)
\Hy@SavedSpaceFactor=\count277

(/usr/local/texlive/2025/texmf-dist/tex/latex/hyperref/puenc.def
File: puenc.def 2024-11-05 v7.01l Hyperref: PDF Unicode definition (HO)
Now handling font encoding PU ...
... no UTF-8 mapping file for font encoding PU
)
Package hyperref Info: Hyper figures OFF on input line 4157.
Package hyperref Info: Link nesting OFF on input line 4162.
Package hyperref Info: Hyper index ON on input line 4165.
Package hyperref Info: Plain pages OFF on input line 4172.
Package hyperref Info: Backreferencing OFF on input line 4177.
Package hyperref Info: Implicit mode ON; LaTeX internals redefined.
Package hyperref Info: Bookmarks ON on input line 4424.
\c@Hy@tempcnt=\count278

(/usr/local/texlive/2025/texmf-dist/tex/latex/url/url.sty
\Urlmuskip=\muskip17
Package: url 2013/09/16  ver 3.4  Verb mode for urls, etc.
)
LaTeX Info: Redefining \url on input line 4763.
\XeTeXLinkMargin=\dimen151

(/usr/local/texlive/2025/texmf-dist/tex/generic/bitset/bitset.sty
Package: bitset 2019/12/09 v1.3 Handle bit-vector datatype (HO)

(/usr/local/texlive/2025/texmf-dist/tex/generic/bigintcalc/bigintcalc.sty
Package: bigintcalc 2019/12/15 v1.5 Expandable calculations on big integers (HO
)
))
\Fld@menulength=\count279
\Field@Width=\dimen152
\Fld@charsize=\dimen153
Package hyperref Info: Hyper figures OFF on input line 6042.
Package hyperref Info: Link nesting OFF on input line 6047.
Package hyperref Info: Hyper index ON on input line 6050.
Package hyperref Info: backreferencing OFF on input line 6057.
Package hyperref Info: Link coloring OFF on input line 6062.
Package hyperref Info: Link coloring with OCG OFF on input line 6067.
Package hyperref Info: PDF/A mode OFF on input line 6072.

(/usr/local/texlive/2025/texmf-dist/tex/latex/base/atbegshi-ltx.sty
Package: atbegshi-ltx 2021/01/10 v1.0c Emulation of the original atbegshi
package with kernel methods
)
\Hy@abspage=\count280
\c@Item=\count281
\c@Hfootnote=\count282
)
Package hyperref Info: Driver (autodetected): hpdftex.

(/usr/local/texlive/2025/texmf-dist/tex/latex/hyperref/hpdftex.def
File: hpdftex.def 2024-11-05 v7.01l Hyperref driver for pdfTeX

(/usr/local/texlive/2025/texmf-dist/tex/latex/base/atveryend-ltx.sty
Package: atveryend-ltx 2020/08/19 v1.0a Emulation of the original atveryend pac
kage
with kernel methods
)
\Fld@listcount=\count283
\c@bookmark@seq@number=\count284

(/usr/local/texlive/2025/texmf-dist/tex/latex/rerunfilecheck/rerunfilecheck.sty
Package: rerunfilecheck 2022-07-10 v1.10 Rerun checks for auxiliary files (HO)

(/usr/local/texlive/2025/texmf-dist/tex/generic/uniquecounter/uniquecounter.sty
Package: uniquecounter 2019/12/15 v1.4 Provide unlimited unique counter (HO)
)
Package uniquecounter Info: New unique counter `rerunfilecheck' on input line 2
85.
)
\Hy@SectionHShift=\skip67
) (/usr/local/texlive/2025/texmf-dist/tex/latex/booktabs/booktabs.sty
Package: booktabs 2020/01/12 v1.61803398 Publication quality tables
\heavyrulewidth=\dimen154
\lightrulewidth=\dimen155
\cmidrulewidth=\dimen156
\belowrulesep=\dimen157
\belowbottomsep=\dimen158
\aboverulesep=\dimen159
\abovetopsep=\dimen160
\cmidrulesep=\dimen161
\cmidrulekern=\dimen162
\defaultaddspace=\dimen163
\@cmidla=\count285
\@cmidlb=\count286
\@aboverulesep=\dimen164
\@belowrulesep=\dimen165
\@thisruleclass=\count287
\@lastruleclass=\count288
\@thisrulewidth=\dimen166
)
(/usr/local/texlive/2025/texmf-dist/tex/latex/amsfonts/amsfonts.sty
Package: amsfonts 2013/01/14 v3.01 Basic AMSFonts support
\@emptytoks=\toks22
\symAMSa=\mathgroup4
\symAMSb=\mathgroup5
LaTeX Font Info:    Redeclaring math symbol \hbar on input line 98.
LaTeX Font Info:    Overwriting math alphabet `\mathfrak' in version `bold'
(Font)                  U/euf/m/n --> U/euf/b/n on input line 106.
)
(/usr/local/texlive/2025/texmf-dist/tex/latex/units/nicefrac.sty
Package: nicefrac 1998/08/04 v0.9b Nice fractions
\L@UnitsRaiseDisplaystyle=\skip68
\L@UnitsRaiseTextstyle=\skip69
\L@UnitsRaiseScriptstyle=\skip70

(/usr/local/texlive/2025/texmf-dist/tex/latex/base/ifthen.sty
Package: ifthen 2024/03/16 v1.1e Standard LaTeX ifthen package (DPC)
))
(/usr/local/texlive/2025/texmf-dist/tex/latex/microtype/microtype.sty
Package: microtype 2025/02/11 v3.2a Micro-typographical refinements (RS)
\MT@toks=\toks23
\MT@tempbox=\box52
\MT@count=\count289
LaTeX Info: Redefining \noprotrusionifhmode on input line 1087.
LaTeX Info: Redefining \leftprotrusion on input line 1088.
\MT@prot@toks=\toks24
LaTeX Info: Redefining \rightprotrusion on input line 1107.
LaTeX Info: Redefining \textls on input line 1449.
\MT@outer@kern=\dimen167
LaTeX Info: Redefining \microtypecontext on input line 2053.
LaTeX Info: Redefining \textmicrotypecontext on input line 2070.
\MT@listname@count=\count290

(/usr/local/texlive/2025/texmf-dist/tex/latex/microtype/microtype-pdftex.def
File: microtype-pdftex.def 2025/02/11 v3.2a Definitions specific to pdftex (RS)

LaTeX Info: Redefining \lsstyle on input line 944.
LaTeX Info: Redefining \lslig on input line 944.
\MT@outer@space=\skip71
)
Package microtype Info: Loading configuration file microtype.cfg.

(/usr/local/texlive/2025/texmf-dist/tex/latex/microtype/microtype.cfg
File: microtype.cfg 2025/02/11 v3.2a microtype main configuration file (RS)
)
LaTeX Info: Redefining \microtypesetup on input line 3065.
)
(/usr/local/texlive/2025/texmf-dist/tex/latex/lipsum/lipsum.sty
(/usr/local/texlive/2025/texmf-dist/tex/latex/l3packages/l3keys2e/l3keys2e.sty
(/usr/local/texlive/2025/texmf-dist/tex/latex/l3kernel/expl3.sty
Package: expl3 2025-01-18 L3 programming layer (loader) 

(/usr/local/texlive/2025/texmf-dist/tex/latex/l3backend/l3backend-pdftex.def
File: l3backend-pdftex.def 2024-05-08 L3 backend support: PDF output (pdfTeX)
\l__color_backend_stack_int=\count291
\l__pdf_internal_box=\box53
))
Package: l3keys2e 2024-08-16 LaTeX2e option processing using LaTeX3 keys
)
Package: lipsum 2021-09-20 v2.7 150 paragraphs of Lorem Ipsum dummy text
\g__lipsum_par_int=\count292
\l__lipsum_a_int=\count293
\l__lipsum_b_int=\count294
(/usr/local/texlive/2025/texmf-dist/tex/latex/lipsum/lipsum.ltd.tex))
(/usr/local/texlive/2025/texmf-dist/tex/latex/amsmath/amsmath.sty
Package: amsmath 2024/11/05 v2.17t AMS math features
\@mathmargin=\skip72

For additional information on amsmath, use the `?' option.
(/usr/local/texlive/2025/texmf-dist/tex/latex/amsmath/amstext.sty
Package: amstext 2021/08/26 v2.01 AMS text

(/usr/local/texlive/2025/texmf-dist/tex/latex/amsmath/amsgen.sty
File: amsgen.sty 1999/11/30 v2.0 generic functions
\@emptytoks=\toks25
\ex@=\dimen168
))
(/usr/local/texlive/2025/texmf-dist/tex/latex/amsmath/amsbsy.sty
Package: amsbsy 1999/11/29 v1.2d Bold Symbols
\pmbraise@=\dimen169
)
(/usr/local/texlive/2025/texmf-dist/tex/latex/amsmath/amsopn.sty
Package: amsopn 2022/04/08 v2.04 operator names
)
\inf@bad=\count295
LaTeX Info: Redefining \frac on input line 233.
\uproot@=\count296
\leftroot@=\count297
LaTeX Info: Redefining \overline on input line 398.
LaTeX Info: Redefining \colon on input line 409.
\classnum@=\count298
\DOTSCASE@=\count299
LaTeX Info: Redefining \ldots on input line 495.
LaTeX Info: Redefining \dots on input line 498.
LaTeX Info: Redefining \cdots on input line 619.
\Mathstrutbox@=\box54
\strutbox@=\box55
LaTeX Info: Redefining \big on input line 721.
LaTeX Info: Redefining \Big on input line 722.
LaTeX Info: Redefining \bigg on input line 723.
LaTeX Info: Redefining \Bigg on input line 724.
\big@size=\dimen170
LaTeX Font Info:    Redeclaring font encoding OML on input line 742.
LaTeX Font Info:    Redeclaring font encoding OMS on input line 743.
\macc@depth=\count300
LaTeX Info: Redefining \bmod on input line 904.
LaTeX Info: Redefining \pmod on input line 909.
LaTeX Info: Redefining \smash on input line 939.
LaTeX Info: Redefining \relbar on input line 969.
LaTeX Info: Redefining \Relbar on input line 970.
\c@MaxMatrixCols=\count301
\dotsspace@=\muskip18
\c@parentequation=\count302
\dspbrk@lvl=\count303
\tag@help=\toks26
\row@=\count304
\column@=\count305
\maxfields@=\count306
\andhelp@=\toks27
\eqnshift@=\dimen171
\alignsep@=\dimen172
\tagshift@=\dimen173
\tagwidth@=\dimen174
\totwidth@=\dimen175
\lineht@=\dimen176
\@envbody=\toks28
\multlinegap=\skip73
\multlinetaggap=\skip74
\mathdisplay@stack=\toks29
LaTeX Info: Redefining \[ on input line 2953.
LaTeX Info: Redefining \] on input line 2954.
)
(/usr/local/texlive/2025/texmf-dist/tex/latex/xcolor/xcolor.sty
Package: xcolor 2024/09/29 v3.02 LaTeX color extensions (UK)

(/usr/local/texlive/2025/texmf-dist/tex/latex/graphics-cfg/color.cfg
File: color.cfg 2016/01/02 v1.6 sample color configuration
)
Package xcolor Info: Driver file: pdftex.def on input line 274.

(/usr/local/texlive/2025/texmf-dist/tex/latex/graphics-def/pdftex.def
File: pdftex.def 2024/04/13 v1.2c Graphics/color driver for pdftex
)
(/usr/local/texlive/2025/texmf-dist/tex/latex/graphics/mathcolor.ltx)
Package xcolor Info: Model `cmy' substituted by `cmy0' on input line 1349.
Package xcolor Info: Model `hsb' substituted by `rgb' on input line 1353.
Package xcolor Info: Model `RGB' extended on input line 1365.
Package xcolor Info: Model `HTML' substituted by `rgb' on input line 1367.
Package xcolor Info: Model `Hsb' substituted by `hsb' on input line 1368.
Package xcolor Info: Model `tHsb' substituted by `hsb' on input line 1369.
Package xcolor Info: Model `HSB' substituted by `hsb' on input line 1370.
Package xcolor Info: Model `Gray' substituted by `gray' on input line 1371.
Package xcolor Info: Model `wave' substituted by `hsb' on input line 1372.
)
(/usr/local/texlive/2025/texmf-dist/tex/latex/graphics/dvipsnam.def
File: dvipsnam.def 2016/06/17 v3.0m Driver-dependent file (DPC,SPQR)
)
(/usr/local/texlive/2025/texmf-dist/tex/latex/pgf/frontendlayer/tikz.sty
(/usr/local/texlive/2025/texmf-dist/tex/latex/pgf/basiclayer/pgf.sty
(/usr/local/texlive/2025/texmf-dist/tex/latex/pgf/utilities/pgfrcs.sty
(/usr/local/texlive/2025/texmf-dist/tex/generic/pgf/utilities/pgfutil-common.te
x
\pgfutil@everybye=\toks30
\pgfutil@tempdima=\dimen177
\pgfutil@tempdimb=\dimen178
)
(/usr/local/texlive/2025/texmf-dist/tex/generic/pgf/utilities/pgfutil-latex.def
\pgfutil@abb=\box56
) (/usr/local/texlive/2025/texmf-dist/tex/generic/pgf/utilities/pgfrcs.code.tex
(/usr/local/texlive/2025/texmf-dist/tex/generic/pgf/pgf.revision.tex)
Package: pgfrcs 2023-01-15 v3.1.10 (3.1.10)
))
Package: pgf 2023-01-15 v3.1.10 (3.1.10)

(/usr/local/texlive/2025/texmf-dist/tex/latex/pgf/basiclayer/pgfcore.sty
(/usr/local/texlive/2025/texmf-dist/tex/latex/graphics/graphicx.sty
Package: graphicx 2021/09/16 v1.2d Enhanced LaTeX Graphics (DPC,SPQR)

(/usr/local/texlive/2025/texmf-dist/tex/latex/graphics/graphics.sty
Package: graphics 2024/08/06 v1.4g Standard LaTeX Graphics (DPC,SPQR)

(/usr/local/texlive/2025/texmf-dist/tex/latex/graphics/trig.sty
Package: trig 2023/12/02 v1.11 sin cos tan (DPC)
)
(/usr/local/texlive/2025/texmf-dist/tex/latex/graphics-cfg/graphics.cfg
File: graphics.cfg 2016/06/04 v1.11 sample graphics configuration
)
Package graphics Info: Driver file: pdftex.def on input line 106.
)
\Gin@req@height=\dimen179
\Gin@req@width=\dimen180
)
(/usr/local/texlive/2025/texmf-dist/tex/latex/pgf/systemlayer/pgfsys.sty
(/usr/local/texlive/2025/texmf-dist/tex/generic/pgf/systemlayer/pgfsys.code.tex
Package: pgfsys 2023-01-15 v3.1.10 (3.1.10)
(/usr/local/texlive/2025/texmf-dist/tex/generic/pgf/utilities/pgfkeys.code.tex
\pgfkeys@pathtoks=\toks31
\pgfkeys@temptoks=\toks32

(/usr/local/texlive/2025/texmf-dist/tex/generic/pgf/utilities/pgfkeyslibraryfil
tered.code.tex
\pgfkeys@tmptoks=\toks33
))
\pgf@x=\dimen181
\pgf@y=\dimen182
\pgf@xa=\dimen183
\pgf@ya=\dimen184
\pgf@xb=\dimen185
\pgf@yb=\dimen186
\pgf@xc=\dimen187
\pgf@yc=\dimen188
\pgf@xd=\dimen189
\pgf@yd=\dimen190
\w@pgf@writea=\write3
\r@pgf@reada=\read2
\c@pgf@counta=\count307
\c@pgf@countb=\count308
\c@pgf@countc=\count309
\c@pgf@countd=\count310
\t@pgf@toka=\toks34
\t@pgf@tokb=\toks35
\t@pgf@tokc=\toks36
\pgf@sys@id@count=\count311

(/usr/local/texlive/2025/texmf-dist/tex/generic/pgf/systemlayer/pgf.cfg
File: pgf.cfg 2023-01-15 v3.1.10 (3.1.10)
)
Driver file for pgf: pgfsys-pdftex.def

(/usr/local/texlive/2025/texmf-dist/tex/generic/pgf/systemlayer/pgfsys-pdftex.d
ef
File: pgfsys-pdftex.def 2023-01-15 v3.1.10 (3.1.10)

(/usr/local/texlive/2025/texmf-dist/tex/generic/pgf/systemlayer/pgfsys-common-p
df.def
File: pgfsys-common-pdf.def 2023-01-15 v3.1.10 (3.1.10)
)))
(/usr/local/texlive/2025/texmf-dist/tex/generic/pgf/systemlayer/pgfsyssoftpath.
code.tex
File: pgfsyssoftpath.code.tex 2023-01-15 v3.1.10 (3.1.10)
\pgfsyssoftpath@smallbuffer@items=\count312
\pgfsyssoftpath@bigbuffer@items=\count313
)
(/usr/local/texlive/2025/texmf-dist/tex/generic/pgf/systemlayer/pgfsysprotocol.
code.tex
File: pgfsysprotocol.code.tex 2023-01-15 v3.1.10 (3.1.10)
))
(/usr/local/texlive/2025/texmf-dist/tex/generic/pgf/basiclayer/pgfcore.code.tex
Package: pgfcore 2023-01-15 v3.1.10 (3.1.10)
(/usr/local/texlive/2025/texmf-dist/tex/generic/pgf/math/pgfmath.code.tex
(/usr/local/texlive/2025/texmf-dist/tex/generic/pgf/math/pgfmathutil.code.tex)
(/usr/local/texlive/2025/texmf-dist/tex/generic/pgf/math/pgfmathparser.code.tex
\pgfmath@dimen=\dimen191
\pgfmath@count=\count314
\pgfmath@box=\box57
\pgfmath@toks=\toks37
\pgfmath@stack@operand=\toks38
\pgfmath@stack@operation=\toks39
)
(/usr/local/texlive/2025/texmf-dist/tex/generic/pgf/math/pgfmathfunctions.code.
tex)
(/usr/local/texlive/2025/texmf-dist/tex/generic/pgf/math/pgfmathfunctions.basic
.code.tex)
(/usr/local/texlive/2025/texmf-dist/tex/generic/pgf/math/pgfmathfunctions.trigo
nometric.code.tex)
(/usr/local/texlive/2025/texmf-dist/tex/generic/pgf/math/pgfmathfunctions.rando
m.code.tex)
(/usr/local/texlive/2025/texmf-dist/tex/generic/pgf/math/pgfmathfunctions.compa
rison.code.tex)
(/usr/local/texlive/2025/texmf-dist/tex/generic/pgf/math/pgfmathfunctions.base.
code.tex)
(/usr/local/texlive/2025/texmf-dist/tex/generic/pgf/math/pgfmathfunctions.round
.code.tex)
(/usr/local/texlive/2025/texmf-dist/tex/generic/pgf/math/pgfmathfunctions.misc.
code.tex)
(/usr/local/texlive/2025/texmf-dist/tex/generic/pgf/math/pgfmathfunctions.integ
erarithmetics.code.tex)
(/usr/local/texlive/2025/texmf-dist/tex/generic/pgf/math/pgfmathcalc.code.tex)
(/usr/local/texlive/2025/texmf-dist/tex/generic/pgf/math/pgfmathfloat.code.tex
\c@pgfmathroundto@lastzeros=\count315
)) (/usr/local/texlive/2025/texmf-dist/tex/generic/pgf/math/pgfint.code.tex)
(/usr/local/texlive/2025/texmf-dist/tex/generic/pgf/basiclayer/pgfcorepoints.co
de.tex
File: pgfcorepoints.code.tex 2023-01-15 v3.1.10 (3.1.10)
\pgf@picminx=\dimen192
\pgf@picmaxx=\dimen193
\pgf@picminy=\dimen194
\pgf@picmaxy=\dimen195
\pgf@pathminx=\dimen196
\pgf@pathmaxx=\dimen197
\pgf@pathminy=\dimen198
\pgf@pathmaxy=\dimen199
\pgf@xx=\dimen256
\pgf@xy=\dimen257
\pgf@yx=\dimen258
\pgf@yy=\dimen259
\pgf@zx=\dimen260
\pgf@zy=\dimen261
)
(/usr/local/texlive/2025/texmf-dist/tex/generic/pgf/basiclayer/pgfcorepathconst
ruct.code.tex
File: pgfcorepathconstruct.code.tex 2023-01-15 v3.1.10 (3.1.10)
\pgf@path@lastx=\dimen262
\pgf@path@lasty=\dimen263
)
(/usr/local/texlive/2025/texmf-dist/tex/generic/pgf/basiclayer/pgfcorepathusage
.code.tex
File: pgfcorepathusage.code.tex 2023-01-15 v3.1.10 (3.1.10)
\pgf@shorten@end@additional=\dimen264
\pgf@shorten@start@additional=\dimen265
)
(/usr/local/texlive/2025/texmf-dist/tex/generic/pgf/basiclayer/pgfcorescopes.co
de.tex
File: pgfcorescopes.code.tex 2023-01-15 v3.1.10 (3.1.10)
\pgfpic=\box58
\pgf@hbox=\box59
\pgf@layerbox@main=\box60
\pgf@picture@serial@count=\count316
)
(/usr/local/texlive/2025/texmf-dist/tex/generic/pgf/basiclayer/pgfcoregraphicst
ate.code.tex
File: pgfcoregraphicstate.code.tex 2023-01-15 v3.1.10 (3.1.10)
\pgflinewidth=\dimen266
)
(/usr/local/texlive/2025/texmf-dist/tex/generic/pgf/basiclayer/pgfcoretransform
ations.code.tex
File: pgfcoretransformations.code.tex 2023-01-15 v3.1.10 (3.1.10)
\pgf@pt@x=\dimen267
\pgf@pt@y=\dimen268
\pgf@pt@temp=\dimen269
)
(/usr/local/texlive/2025/texmf-dist/tex/generic/pgf/basiclayer/pgfcorequick.cod
e.tex
File: pgfcorequick.code.tex 2023-01-15 v3.1.10 (3.1.10)
)
(/usr/local/texlive/2025/texmf-dist/tex/generic/pgf/basiclayer/pgfcoreobjects.c
ode.tex
File: pgfcoreobjects.code.tex 2023-01-15 v3.1.10 (3.1.10)
)
(/usr/local/texlive/2025/texmf-dist/tex/generic/pgf/basiclayer/pgfcorepathproce
ssing.code.tex
File: pgfcorepathprocessing.code.tex 2023-01-15 v3.1.10 (3.1.10)
)
(/usr/local/texlive/2025/texmf-dist/tex/generic/pgf/basiclayer/pgfcorearrows.co
de.tex
File: pgfcorearrows.code.tex 2023-01-15 v3.1.10 (3.1.10)
\pgfarrowsep=\dimen270
)
(/usr/local/texlive/2025/texmf-dist/tex/generic/pgf/basiclayer/pgfcoreshade.cod
e.tex
File: pgfcoreshade.code.tex 2023-01-15 v3.1.10 (3.1.10)
\pgf@max=\dimen271
\pgf@sys@shading@range@num=\count317
\pgf@shadingcount=\count318
)
(/usr/local/texlive/2025/texmf-dist/tex/generic/pgf/basiclayer/pgfcoreimage.cod
e.tex
File: pgfcoreimage.code.tex 2023-01-15 v3.1.10 (3.1.10)
)
(/usr/local/texlive/2025/texmf-dist/tex/generic/pgf/basiclayer/pgfcoreexternal.
code.tex
File: pgfcoreexternal.code.tex 2023-01-15 v3.1.10 (3.1.10)
\pgfexternal@startupbox=\box61
)
(/usr/local/texlive/2025/texmf-dist/tex/generic/pgf/basiclayer/pgfcorelayers.co
de.tex
File: pgfcorelayers.code.tex 2023-01-15 v3.1.10 (3.1.10)
)
(/usr/local/texlive/2025/texmf-dist/tex/generic/pgf/basiclayer/pgfcoretranspare
ncy.code.tex
File: pgfcoretransparency.code.tex 2023-01-15 v3.1.10 (3.1.10)
)
(/usr/local/texlive/2025/texmf-dist/tex/generic/pgf/basiclayer/pgfcorepatterns.
code.tex
File: pgfcorepatterns.code.tex 2023-01-15 v3.1.10 (3.1.10)
)
(/usr/local/texlive/2025/texmf-dist/tex/generic/pgf/basiclayer/pgfcorerdf.code.
tex
File: pgfcorerdf.code.tex 2023-01-15 v3.1.10 (3.1.10)
)))
(/usr/local/texlive/2025/texmf-dist/tex/generic/pgf/modules/pgfmoduleshapes.cod
e.tex
File: pgfmoduleshapes.code.tex 2023-01-15 v3.1.10 (3.1.10)
\pgfnodeparttextbox=\box62
)
(/usr/local/texlive/2025/texmf-dist/tex/generic/pgf/modules/pgfmoduleplot.code.
tex
File: pgfmoduleplot.code.tex 2023-01-15 v3.1.10 (3.1.10)
)
(/usr/local/texlive/2025/texmf-dist/tex/latex/pgf/compatibility/pgfcomp-version
-0-65.sty
Package: pgfcomp-version-0-65 2023-01-15 v3.1.10 (3.1.10)
\pgf@nodesepstart=\dimen272
\pgf@nodesepend=\dimen273
)
(/usr/local/texlive/2025/texmf-dist/tex/latex/pgf/compatibility/pgfcomp-version
-1-18.sty
Package: pgfcomp-version-1-18 2023-01-15 v3.1.10 (3.1.10)
))
(/usr/local/texlive/2025/texmf-dist/tex/latex/pgf/utilities/pgffor.sty
(/usr/local/texlive/2025/texmf-dist/tex/latex/pgf/utilities/pgfkeys.sty
(/usr/local/texlive/2025/texmf-dist/tex/generic/pgf/utilities/pgfkeys.code.tex)
) (/usr/local/texlive/2025/texmf-dist/tex/latex/pgf/math/pgfmath.sty
(/usr/local/texlive/2025/texmf-dist/tex/generic/pgf/math/pgfmath.code.tex))
(/usr/local/texlive/2025/texmf-dist/tex/generic/pgf/utilities/pgffor.code.tex
Package: pgffor 2023-01-15 v3.1.10 (3.1.10)
\pgffor@iter=\dimen274
\pgffor@skip=\dimen275
\pgffor@stack=\toks40
\pgffor@toks=\toks41
))
(/usr/local/texlive/2025/texmf-dist/tex/generic/pgf/frontendlayer/tikz/tikz.cod
e.tex
Package: tikz 2023-01-15 v3.1.10 (3.1.10)

(/usr/local/texlive/2025/texmf-dist/tex/generic/pgf/libraries/pgflibraryplothan
dlers.code.tex
File: pgflibraryplothandlers.code.tex 2023-01-15 v3.1.10 (3.1.10)
\pgf@plot@mark@count=\count319
\pgfplotmarksize=\dimen276
)
\tikz@lastx=\dimen277
\tikz@lasty=\dimen278
\tikz@lastxsaved=\dimen279
\tikz@lastysaved=\dimen280
\tikz@lastmovetox=\dimen281
\tikz@lastmovetoy=\dimen282
\tikzleveldistance=\dimen283
\tikzsiblingdistance=\dimen284
\tikz@figbox=\box63
\tikz@figbox@bg=\box64
\tikz@tempbox=\box65
\tikz@tempbox@bg=\box66
\tikztreelevel=\count320
\tikznumberofchildren=\count321
\tikznumberofcurrentchild=\count322
\tikz@fig@count=\count323

(/usr/local/texlive/2025/texmf-dist/tex/generic/pgf/modules/pgfmodulematrix.cod
e.tex
File: pgfmodulematrix.code.tex 2023-01-15 v3.1.10 (3.1.10)
\pgfmatrixcurrentrow=\count324
\pgfmatrixcurrentcolumn=\count325
\pgf@matrix@numberofcolumns=\count326
)
\tikz@expandcount=\count327

(/usr/local/texlive/2025/texmf-dist/tex/generic/pgf/frontendlayer/tikz/librarie
s/tikzlibrarytopaths.code.tex
File: tikzlibrarytopaths.code.tex 2023-01-15 v3.1.10 (3.1.10)
)))
(/usr/local/texlive/2025/texmf-dist/tex/latex/caption/subcaption.sty
Package: subcaption 2023/07/28 v1.6b Sub-captions (AR)

(/usr/local/texlive/2025/texmf-dist/tex/latex/caption/caption.sty
Package: caption 2023/08/05 v3.6o Customizing captions (AR)

(/usr/local/texlive/2025/texmf-dist/tex/latex/caption/caption3.sty
Package: caption3 2023/07/31 v2.4d caption3 kernel (AR)
\caption@tempdima=\dimen285
\captionmargin=\dimen286
\caption@leftmargin=\dimen287
\caption@rightmargin=\dimen288
\caption@width=\dimen289
\caption@indent=\dimen290
\caption@parindent=\dimen291
\caption@hangindent=\dimen292
Package caption Info: Standard document class detected.
)
\c@caption@flags=\count328
\c@continuedfloat=\count329
Package caption Info: hyperref package is loaded.
)
Package caption Info: New subtype `subfigure' on input line 238.
\c@subfigure=\count330
Package caption Info: New subtype `subtable' on input line 238.
\c@subtable=\count331
)
(/usr/local/texlive/2025/texmf-dist/tex/latex/float/float.sty
Package: float 2001/11/08 v1.3d Float enhancements (AL)
\c@float@type=\count332
\float@exts=\toks42
\float@box=\box67
\@float@everytoks=\toks43
\@floatcapt=\box68
)
(/usr/local/texlive/2025/texmf-dist/tex/latex/amsfonts/amssymb.sty
Package: amssymb 2013/01/14 v3.01 AMS font symbols
)
(/usr/local/texlive/2025/texmf-dist/tex/latex/tools/calc.sty
Package: calc 2023/07/08 v4.3 Infix arithmetic (KKT,FJ)
\calc@Acount=\count333
\calc@Bcount=\count334
\calc@Adimen=\dimen293
\calc@Bdimen=\dimen294
\calc@Askip=\skip75
\calc@Bskip=\skip76
LaTeX Info: Redefining \setlength on input line 80.
LaTeX Info: Redefining \addtolength on input line 81.
\calc@Ccount=\count335
\calc@Cskip=\skip77
)
(/usr/local/texlive/2025/texmf-dist/tex/latex/epstopdf-pkg/epstopdf.sty
Package: epstopdf 2020-01-24 v2.11 Conversion with epstopdf on the fly (HO)

(/usr/local/texlive/2025/texmf-dist/tex/latex/grfext/grfext.sty
Package: grfext 2019/12/03 v1.3 Manage graphics extensions (HO)
)
(/usr/local/texlive/2025/texmf-dist/tex/latex/epstopdf-pkg/epstopdf-base.sty
Package: epstopdf-base 2020-01-24 v2.11 Base part for package epstopdf
Package epstopdf-base Info: Redefining graphics rule for `.eps' on input line 4
85.
Package grfext Info: Graphics extension search list:
(grfext)             [.pdf,.png,.jpg,.mps,.jpeg,.jbig2,.jb2,.PDF,.PNG,.JPG,.JPE
G,.JBIG2,.JB2,.eps]
(grfext)             \AppendGraphicsExtensions on input line 504.

(/usr/local/texlive/2025/texmf-dist/tex/latex/latexconfig/epstopdf-sys.cfg
File: epstopdf-sys.cfg 2010/07/13 v1.3 Configuration of (r)epstopdf for TeX Liv
e
)))
(/usr/local/texlive/2025/texmf-dist/tex/latex/graphics/epsfig.sty
Package: epsfig 2024/01/14 v1.7b (e)psfig emulation (SPQR)
\epsfxsize=\dimen295
\epsfysize=\dimen296
)
(/usr/local/texlive/2025/texmf-dist/tex/latex/todonotes/todonotes.sty
Package: todonotes 2024/01/05 v1.1.7 Todonotes source and documentation.
Package: todonotes 2024/01/05

(/usr/local/texlive/2025/texmf-dist/tex/latex/xkeyval/xkeyval.sty
Package: xkeyval 2022/06/16 v2.9 package option processing (HA)

(/usr/local/texlive/2025/texmf-dist/tex/generic/xkeyval/xkeyval.tex
(/usr/local/texlive/2025/texmf-dist/tex/generic/xkeyval/xkvutils.tex
\XKV@toks=\toks44
\XKV@tempa@toks=\toks45
)
\XKV@depth=\count336
File: xkeyval.tex 2014/12/03 v2.7a key=value parser (HA)
))
(/usr/local/texlive/2025/texmf-dist/tex/generic/pgf/frontendlayer/tikz/librarie
s/tikzlibrarypositioning.code.tex
File: tikzlibrarypositioning.code.tex 2023-01-15 v3.1.10 (3.1.10)
)
\c@@todonotes@numberoftodonotes=\count337
)
(/usr/local/texlive/2025/texmf-dist/tex/latex/adjustbox/adjustbox.sty
Package: adjustbox 2025/02/26 v1.3c Adjusting TeX boxes (trim, clip, ...)

(/usr/local/texlive/2025/texmf-dist/tex/latex/adjustbox/adjcalc.sty
Package: adjcalc 2012/05/16 v1.1 Provides advanced setlength with multiple back
-ends (calc, etex, pgfmath)
)
(/usr/local/texlive/2025/texmf-dist/tex/latex/adjustbox/trimclip.sty
Package: trimclip 2025/02/21 v1.2a Trim and clip general TeX material

(/usr/local/texlive/2025/texmf-dist/tex/latex/collectbox/collectbox.sty
Package: collectbox 2022/10/17 v0.4c Collect macro arguments as boxes
\collectedbox=\box69
)
\tc@llx=\dimen297
\tc@lly=\dimen298
\tc@urx=\dimen299
\tc@ury=\dimen300
Package trimclip Info: Using driver 'tc-pdftex.def'.

(/usr/local/texlive/2025/texmf-dist/tex/latex/adjustbox/tc-pdftex.def
File: tc-pdftex.def 2025/02/26 v2.3 Clipping driver for pdftex
))
\adjbox@Width=\dimen301
\adjbox@Height=\dimen302
\adjbox@Depth=\dimen303
\adjbox@Totalheight=\dimen304
\adjbox@pwidth=\dimen305
\adjbox@pheight=\dimen306
\adjbox@pdepth=\dimen307
\adjbox@ptotalheight=\dimen308

(/usr/local/texlive/2025/texmf-dist/tex/latex/ifoddpage/ifoddpage.sty
Package: ifoddpage 2022/10/18 v1.2 Conditionals for odd/even page detection
\c@checkoddpage=\count338
)
(/usr/local/texlive/2025/texmf-dist/tex/latex/varwidth/varwidth.sty
Package: varwidth 2009/03/30 ver 0.92;  Variable-width minipages
\@vwid@box=\box70
\sift@deathcycles=\count339
\@vwid@loff=\dimen309
\@vwid@roff=\dimen310
))
(./main.aux (./Figures/Fig1.aux))
\openout1 = `main.aux'.

LaTeX Font Info:    Checking defaults for OML/cmm/m/it on input line 49.
LaTeX Font Info:    ... okay on input line 49.
LaTeX Font Info:    Checking defaults for OMS/cmsy/m/n on input line 49.
LaTeX Font Info:    ... okay on input line 49.
LaTeX Font Info:    Checking defaults for OT1/cmr/m/n on input line 49.
LaTeX Font Info:    ... okay on input line 49.
LaTeX Font Info:    Checking defaults for T1/cmr/m/n on input line 49.
LaTeX Font Info:    ... okay on input line 49.
LaTeX Font Info:    Checking defaults for TS1/cmr/m/n on input line 49.
LaTeX Font Info:    ... okay on input line 49.
LaTeX Font Info:    Checking defaults for OMX/cmex/m/n on input line 49.
LaTeX Font Info:    ... okay on input line 49.
LaTeX Font Info:    Checking defaults for U/cmr/m/n on input line 49.
LaTeX Font Info:    ... okay on input line 49.
LaTeX Font Info:    Checking defaults for PD1/pdf/m/n on input line 49.
LaTeX Font Info:    ... okay on input line 49.
LaTeX Font Info:    Checking defaults for PU/pdf/m/n on input line 49.
LaTeX Font Info:    ... okay on input line 49.

*geometry* driver: auto-detecting
*geometry* detected driver: pdftex
*geometry* verbose mode - [ preamble ] result:
* driver: pdftex
* paper: letterpaper
* layout: <same size as paper>
* layoutoffset:(h,v)=(0.0pt,0.0pt)
* modes: 
* h-part:(L,W,R)=(92.14519pt, 430.00462pt, 92.14519pt)
* v-part:(T,H,B)=(95.39737pt, 556.47656pt, 143.09605pt)
* \paperwidth=614.295pt
* \paperheight=794.96999pt
* \textwidth=430.00462pt
* \textheight=556.47656pt
* \oddsidemargin=19.8752pt
* \evensidemargin=19.8752pt
* \topmargin=-13.87262pt
* \headheight=12.0pt
* \headsep=25.0pt
* \topskip=11.0pt
* \footskip=30.0pt
* \marginparwidth=59.0pt
* \marginparsep=10.0pt
* \columnsep=10.0pt
* \skip\footins=9.0pt plus 4.0pt minus 2.0pt
* \hoffset=0.0pt
* \voffset=0.0pt
* \mag=1000
* \@twocolumnfalse
* \@twosidefalse
* \@mparswitchfalse
* \@reversemarginfalse
* (1in=72.27pt=25.4mm, 1cm=28.453pt)

*geometry* verbose mode - [ newgeometry ] result:
* driver: pdftex
* paper: letterpaper
* layout: <same size as paper>
* layoutoffset:(h,v)=(0.0pt,0.0pt)
* modes: 
* h-part:(L,W,R)=(72.27pt, 469.75499pt, 72.27pt)
* v-part:(T,H,B)=(72.26999pt, 650.43pt, 72.27pt)
* \paperwidth=614.295pt
* \paperheight=794.96999pt
* \textwidth=469.75499pt
* \textheight=650.43pt
* \oddsidemargin=0.00002pt
* \evensidemargin=0.00002pt
* \topmargin=-39.0pt
* \headheight=14.0pt
* \headsep=25.0pt
* \topskip=11.0pt
* \footskip=30.0pt
* \marginparwidth=59.0pt
* \marginparsep=10.0pt
* \columnsep=10.0pt
* \skip\footins=9.0pt plus 4.0pt minus 2.0pt
* \hoffset=0.0pt
* \voffset=0.0pt
* \mag=1000
* \@twocolumnfalse
* \@twosidefalse
* \@mparswitchfalse
* \@reversemarginfalse
* (1in=72.27pt=25.4mm, 1cm=28.453pt)

Package hyperref Info: Link coloring OFF on input line 49.
(./main.out) (./main.out)
\@outlinefile=\write4
\openout4 = `main.out'.

Package microtype Info: Patching varwidth to enable character protrusion.
\MT@vwid@leftmargin=\dimen311
\MT@vwid@rightmargin=\dimen312
LaTeX Info: Redefining \microtypecontext on input line 49.
Package microtype Info: Applying patch `item' on input line 49.
Package microtype Info: Applying patch `toc' on input line 49.
Package microtype Info: Applying patch `eqnum' on input line 49.
Package microtype Info: Applying patch `footnote' on input line 49.
Package microtype Info: Applying patch `verbatim' on input line 49.
LaTeX Info: Redefining \microtypesetup on input line 49.
Package microtype Info: Generating PDF output.
Package microtype Info: Character protrusion enabled (level 2).
Package microtype Info: Using default protrusion set `alltext'.
Package microtype Info: Automatic font expansion enabled (level 2),
(microtype)             stretch: 20, shrink: 20, step: 1, non-selected.
Package microtype Info: Using default expansion set `alltext-nott'.
LaTeX Info: Redefining \showhyphens on input line 49.
Package microtype Info: No adjustment of tracking.
Package microtype Info: No adjustment of interword spacing.
Package microtype Info: No adjustment of character kerning.

(/usr/local/texlive/2025/texmf-dist/tex/latex/microtype/mt-ptm.cfg
File: mt-ptm.cfg 2006/04/20 v1.7 microtype config. file: Times (RS)
)
(/usr/local/texlive/2025/texmf-dist/tex/context/base/mkii/supp-pdf.mkii
[Loading MPS to PDF converter (version 2006.09.02).]
\scratchcounter=\count340
\scratchdimen=\dimen313
\scratchbox=\box71
\nofMPsegments=\count341
\nofMParguments=\count342
\everyMPshowfont=\toks46
\MPscratchCnt=\count343
\MPscratchDim=\dimen314
\MPnumerator=\count344
\makeMPintoPDFobject=\count345
\everyMPtoPDFconversion=\toks47
)
Package caption Info: Begin \AtBeginDocument code.
Package caption Info: float package is loaded.
Package caption Info: End \AtBeginDocument code.
 (/usr/local/texlive/2025/texmf-dist/tex/latex/microtype/mt-cmr.cfg
File: mt-cmr.cfg 2013/05/19 v2.2 microtype config. file: Computer Modern Roman 
(RS)
)
LaTeX Font Info:    Trying to load font information for U+msa on input line 52.


(/usr/local/texlive/2025/texmf-dist/tex/latex/amsfonts/umsa.fd
File: umsa.fd 2013/01/14 v3.01 AMS symbols A
)
(/usr/local/texlive/2025/texmf-dist/tex/latex/microtype/mt-msa.cfg
File: mt-msa.cfg 2006/02/04 v1.1 microtype config. file: AMS symbols (a) (RS)
)
LaTeX Font Info:    Trying to load font information for U+msb on input line 52.


(/usr/local/texlive/2025/texmf-dist/tex/latex/amsfonts/umsb.fd
File: umsb.fd 2013/01/14 v3.01 AMS symbols B
)
(/usr/local/texlive/2025/texmf-dist/tex/latex/microtype/mt-msb.cfg
File: mt-msb.cfg 2005/06/01 v1.0 microtype config. file: AMS symbols (b) (RS)
)
(./Sections/Section1.tex

LaTeX Warning: Citation `worthington1881impact' on page 1 undefined on input li
ne 5.


LaTeX Warning: Citation `worthington1883impact' on page 1 undefined on input li
ne 5.


LaTeX Warning: Citation `rein1993phenomena' on page 1 undefined on input line 5
.


LaTeX Warning: Citation `moreira2010advances' on page 1 undefined on input line
 5.


LaTeX Warning: Citation `sprittles2024gas' on page 1 undefined on input line 7.




[1


{/usr/local/texlive/2025/texmf-var/fonts/map/pdftex/updmap/pdftex.map}{/usr/loc
al/texlive/2025/texmf-dist/fonts/enc/dvips/base/8r.enc}]

LaTeX Warning: Citation `wagner1932phenomena' on page 2 undefined on input line
 10.


LaTeX Warning: Citation `korobkin2004analytical' on page 2 undefined on input l
ine 10.


LaTeX Warning: Citation `smith2003air' on page 2 undefined on input line 10.


LaTeX Warning: Citation `moore2021introducing' on page 2 undefined on input lin
e 10.


LaTeX Warning: Citation `derby2010inkjet' on page 2 undefined on input line 10.



LaTeX Warning: Citation `bird2010daughter' on page 2 undefined on input line 10
.


LaTeX Warning: Citation `yang2007size' on page 2 undefined on input line 10.


LaTeX Warning: Citation `couder2005walking' on page 2 undefined on input line 1
3.


LaTeX Warning: Citation `protiere2006particle' on page 2 undefined on input lin
e 13.


LaTeX Warning: Citation `milewski2015faraday' on page 2 undefined on input line
 13.


LaTeX Warning: Citation `de1926interference' on page 2 undefined on input line 
13.


LaTeX Warning: Citation `bush2015pilot' on page 2 undefined on input line 13.


LaTeX Warning: Citation `bush2018introduction' on page 2 undefined on input lin
e 13.


LaTeX Warning: Citation `nachbin2017tunneling' on page 2 undefined on input lin
e 15.


LaTeX Warning: Citation `nachbin2018walking' on page 2 undefined on input line 
15.


LaTeX Warning: Citation `papatryfonos2024static' on page 2 undefined on input l
ine 15.


LaTeX Warning: Citation `hu2003hydrodynamics' on page 2 undefined on input line
 17.


LaTeX Warning: Citation `lamb1924hydrodynamics' on page 2 undefined on input li
ne 20.


LaTeX Warning: Citation `becker1991experimental' on page 2 undefined on input l
ine 20.


LaTeX Warning: Citation `wang1996oscillations' on page 2 undefined on input lin
e 20.


LaTeX Warning: Citation `aalilija2020analytical' on page 2 undefined on input l
ine 20.


LaTeX Warning: Citation `molavcek2013drops' on page 2 undefined on input line 2
0.


LaTeX Warning: Citation `terwagne2013role' on page 2 undefined on input line 20
.


LaTeX Warning: Citation `galeano2021capillary' on page 2 undefined on input lin
e 20.


Underfull \vbox (badness 10000) has occurred while \output is active []



[2]

LaTeX Warning: Citation `lewin2024collision' on page 3 undefined on input line 
30.


LaTeX Warning: Citation `sprittles2024gas' on page 3 undefined on input line 30
.


LaTeX Warning: Citation `galeano2017non' on page 3 undefined on input line 35.


LaTeX Warning: Citation `galeano2019quasi' on page 3 undefined on input line 35
.


LaTeX Warning: Citation `galeano2021capillary' on page 3 undefined on input lin
e 35.


LaTeX Warning: Citation `alventosa2023inertio' on page 3 undefined on input lin
e 35.


LaTeX Warning: Reference `sect:Model' on page 3 undefined on input line 42.


LaTeX Warning: Reference `sect:Numerics' on page 3 undefined on input line 42.


LaTeX Warning: Reference `sect:Results' on page 3 undefined on input line 42.


LaTeX Warning: Reference `sect:Faraday' on page 3 undefined on input line 42.


LaTeX Warning: Reference `sect:Conclusion' on page 3 undefined on input line 42
.

) (./Sections/Section2.tex

LaTeX Warning: Reference `fig:figure1' on page 3 undefined on input line 4.


Underfull \vbox (badness 10000) has occurred while \output is active []



[3]
\openout2 = `Figures/Fig1.aux'.


No file Figures/Fig1.tex.
(./Sections/ModelSubsections/Subsection1.tex

LaTeX Warning: Citation `milewski2015faraday' on page 4 undefined on input line
 4.


LaTeX Warning: Citation `galeano2017non' on page 4 undefined on input line 4.


LaTeX Warning: Citation `galeano2021capillary' on page 4 undefined on input lin
e 4.


LaTeX Warning: Citation `alventosa2023inertio' on page 4 undefined on input lin
e 4.


LaTeX Warning: Reference `eq: mass' on page 4 undefined on input line 4.


LaTeX Warning: Reference `eq:VelocityCont' on page 4 undefined on input line 4.




[4



]

LaTeX Warning: Citation `dias2008theory' on page 5 undefined on input line 23.


LaTeX Warning: Citation `lamb1924hydrodynamics' on page 5 undefined on input li
ne 23.


LaTeX Warning: Reference `App: Boundary' on page 5 undefined on input line 23.


LaTeX Warning: Reference `sect:Numerics' on page 5 undefined on input line 38.

) (./Sections/ModelSubsections/Subsection2.tex

[5]

LaTeX Warning: Citation `hicks2013liquid' on page 6 undefined on input line 3.


LaTeX Warning: Reference `eq: mass' on page 6 undefined on input line 14.


LaTeX Warning: Reference `eq: mom' on page 6 undefined on input line 14.


LaTeX Warning: Reference `eq: pz' on page 6 undefined on input line 21.


LaTeX Warning: Reference `eq:VelocityCont' on page 6 undefined on input line 21
.


LaTeX Warning: Reference `eq: uzz' on page 6 undefined on input line 27.


LaTeX Warning: Reference `eq: air mass' on page 6 undefined on input line 33.



[6]

LaTeX Warning: Reference `eq: KBC General' on page 7 undefined on input line 43
.


LaTeX Warning: Reference `eq: u_a' on page 7 undefined on input line 43.

) (./Sections/ModelSubsections/Subsection3.tex

LaTeX Warning: Reference `eq: laplace' on page 7 undefined on input line 11.


LaTeX Warning: Reference `eq: qp KBC' on page 7 undefined on input line 11.


LaTeX Warning: Reference `eq: qp DBC' on page 7 undefined on input line 11.


LaTeX Warning: Reference `eq: thin film' on page 7 undefined on input line 11.


LaTeX Warning: Reference `eq: vert dyn' on page 7 undefined on input line 11.


LaTeX Warning: Citation `lamb1924hydrodynamics' on page 7 undefined on input li
ne 14.


LaTeX Warning: Citation `aalilija2020analytical' on page 7 undefined on input l
ine 14.


LaTeX Warning: Citation `alventosa2023inertio' on page 7 undefined on input lin
e 14.


LaTeX Warning: Reference `eq: laplace' on page 7 undefined on input line 17.


LaTeX Warning: Reference `eq: z velocity match' on page 7 undefined on input li
ne 17.


LaTeX Warning: Reference `eq: qp KBC' on page 7 undefined on input line 17.


LaTeX Warning: Reference `eq: qp DBC' on page 7 undefined on input line 17.



[7]

LaTeX Warning: Reference `eq: drop DBC' on page 8 undefined on input line 32.


LaTeX Warning: Reference `eq: drop KBC' on page 8 undefined on input line 32.


LaTeX Warning: Citation `aalilija2020analytical' on page 8 undefined on input l
ine 49.


LaTeX Warning: Citation `lamb1924hydrodynamics' on page 8 undefined on input li
ne 49.


LaTeX Warning: Reference `eq: thin film' on page 8 undefined on input line 49.


LaTeX Warning: Reference `sect:Numerics' on page 8 undefined on input line 55.

)) (./Sections/Section3.tex

LaTeX Warning: Reference `sect:Faraday' on page 8 undefined on input line 3.


LaTeX Warning: Citation `openaccesscode' on page 8 undefined on input line 3.



[8]

[9]

LaTeX Warning: Citation `moore2021introducing' on page 10 undefined on input li
ne 42.


LaTeX Warning: Reference `eq: Numeric Phi_t' on page 10 undefined on input line
 44.


LaTeX Warning: Reference `eq: Numeric LubricationEquation' on page 10 undefined
 on input line 44.


LaTeX Warning: Reference `eq: Numeric LubricationEquation' on page 10 undefined
 on input line 45.

Package microtype Info: Loading generic protrusion settings for font family
(microtype)             `cmtt' (encoding: T1).
(microtype)             For optimal results, create family-specific settings.
(microtype)             See the microtype manual for details.

LaTeX Warning: Citation `popinet2009accurate' on page 10 undefined on input lin
e 53.


LaTeX Warning: Citation `popinet2015quadtree' on page 10 undefined on input lin
e 53.


LaTeX Warning: Citation `popinet2018numerical' on page 10 undefined on input li
ne 53.


LaTeX Warning: Citation `galeano2021capillary' on page 10 undefined on input li
ne 53.


LaTeX Warning: Citation `alventosa2023inertio' on page 10 undefined on input li
ne 53.


LaTeX Warning: Reference `sect:Model' on page 10 undefined on input line 53.


LaTeX Warning: Citation `tang2019bouncing' on page 10 undefined on input line 5
3.


LaTeX Warning: Citation `sanjay2023drop' on page 10 undefined on input line 53.




[10{/usr/local/texlive/2025/texmf-dist/fonts/enc/dvips/cm-super/cm-super-t1.enc
}]

LaTeX Warning: Reference `sect:Results' on page 11 undefined on input line 57.

) (./Sections/Section4.tex

LaTeX Warning: Citation `vella2007surface' on page 11 undefined on input line 7
.


LaTeX Warning: File `Figures/Fig2.eps' not found on input line 11.

Package epstopdf Info: Source file: <Figures/Fig2.eps>
(epstopdf)             Output file: <./Fig2-eps-converted-to.pdf>
(epstopdf)             Command: <repstopdf --outfile=./Fig2-eps-converted-to.pd
f Figures/Fig2.eps>
(epstopdf)             \includegraphics on input line 11.
Package epstopdf Info: Output file is already uptodate.

! Package pdftex.def Error: File `./Fig2-eps-converted-to.pdf' not found: using
 draft setting.

See the pdftex.def package documentation for explanation.
Type  H <return>  for immediate help.
 ...                                              
                                                  
l.11 ...hics[width = \textwidth]{Figures/Fig2.eps}
                                                  
Try typing  <return>  to proceed.
If that doesn't work, type  X <return>  to quit.


LaTeX Warning: Reference `tab: Appendix' on page 11 undefined on input line 12.



LaTeX Warning: Reference `tab: Appendix' on page 11 undefined on input line 12.



LaTeX Warning: Reference `fig: Rebound Comparison (t,z)' on page 11 undefined o
n input line 21.


LaTeX Warning: Reference `fig: h,Q,P nondimmed' on page 11 undefined on input l
ine 21.


LaTeX Warning: Reference `app: Table' on page 11 undefined on input line 21.


LaTeX Warning: Reference `app: Visc' on page 11 undefined on input line 21.



[11]

[12]

LaTeX Warning: Reference `fig: Rebound Comparison (t,z)' on page 13 undefined o
n input line 25.


LaTeX Warning: Reference `app: Visc' on page 13 undefined on input line 26.


LaTeX Warning: Reference `fig: Energy Plots (t,E) ' on page 13 undefined on inp
ut line 30.


LaTeX Warning: File `Figures/Fig3a.eps' not found on input line 39.

Package epstopdf Info: Source file: <Figures/Fig3a.eps>
(epstopdf)             Output file: <./Fig3a-eps-converted-to.pdf>
(epstopdf)             Command: <repstopdf --outfile=./Fig3a-eps-converted-to.p
df Figures/Fig3a.eps>
(epstopdf)             \includegraphics on input line 39.
Package epstopdf Info: Output file is already uptodate.

! Package pdftex.def Error: File `./Fig3a-eps-converted-to.pdf' not found: usin
g draft setting.

See the pdftex.def package documentation for explanation.
Type  H <return>  for immediate help.
 ...                                              
                                                  
l.39 ...ics[width = \textwidth]{Figures/Fig3a.eps}
                                                  
Try typing  <return>  to proceed.
If that doesn't work, type  X <return>  to quit.


LaTeX Warning: File `Figures/Fig3b.eps' not found on input line 43.

Package epstopdf Info: Source file: <Figures/Fig3b.eps>
(epstopdf)             Output file: <./Fig3b-eps-converted-to.pdf>
(epstopdf)             Command: <repstopdf --outfile=./Fig3b-eps-converted-to.p
df Figures/Fig3b.eps>
(epstopdf)             \includegraphics on input line 43.
Package epstopdf Info: Output file is already uptodate.

! Package pdftex.def Error: File `./Fig3b-eps-converted-to.pdf' not found: usin
g draft setting.

See the pdftex.def package documentation for explanation.
Type  H <return>  for immediate help.
 ...                                              
                                                  
l.43 ...ics[width = \textwidth]{Figures/Fig3b.eps}
                                                  
Try typing  <return>  to proceed.
If that doesn't work, type  X <return>  to quit.


LaTeX Warning: Reference `fig: Rebound Comparison (t,z)' on page 13 undefined o
n input line 45.


LaTeX Warning: Reference `fig: Rebound Comparison (t,z)' on page 13 undefined o
n input line 45.


Underfull \vbox (badness 1107) has occurred while \output is active []



[13]

LaTeX Warning: File `Figures/Fig4a.eps' not found on input line 55.

Package epstopdf Info: Source file: <Figures/Fig4a.eps>
(epstopdf)             Output file: <./Fig4a-eps-converted-to.pdf>
(epstopdf)             Command: <repstopdf --outfile=./Fig4a-eps-converted-to.p
df Figures/Fig4a.eps>
(epstopdf)             \includegraphics on input line 55.
Package epstopdf Info: Output file is already uptodate.

! Package pdftex.def Error: File `./Fig4a-eps-converted-to.pdf' not found: usin
g draft setting.

See the pdftex.def package documentation for explanation.
Type  H <return>  for immediate help.
 ...                                              
                                                  
l.55 ...ics[width = \textwidth]{Figures/Fig4a.eps}
                                                  
Try typing  <return>  to proceed.
If that doesn't work, type  X <return>  to quit.


LaTeX Warning: File `Figures/Fig4b.eps' not found on input line 60.

Package epstopdf Info: Source file: <Figures/Fig4b.eps>
(epstopdf)             Output file: <./Fig4b-eps-converted-to.pdf>
(epstopdf)             Command: <repstopdf --outfile=./Fig4b-eps-converted-to.p
df Figures/Fig4b.eps>
(epstopdf)             \includegraphics on input line 60.
Package epstopdf Info: Output file is already uptodate.

! Package pdftex.def Error: File `./Fig4b-eps-converted-to.pdf' not found: usin
g draft setting.

See the pdftex.def package documentation for explanation.
Type  H <return>  for immediate help.
 ...                                              
                                                  
l.60 ...ics[width = \textwidth]{Figures/Fig4b.eps}
                                                  
Try typing  <return>  to proceed.
If that doesn't work, type  X <return>  to quit.


LaTeX Warning: File `Figures/Fig4c.eps' not found on input line 65.

Package epstopdf Info: Source file: <Figures/Fig4c.eps>
(epstopdf)             Output file: <./Fig4c-eps-converted-to.pdf>
(epstopdf)             Command: <repstopdf --outfile=./Fig4c-eps-converted-to.p
df Figures/Fig4c.eps>
(epstopdf)             \includegraphics on input line 65.
Package epstopdf Info: Output file is already uptodate.

! Package pdftex.def Error: File `./Fig4c-eps-converted-to.pdf' not found: usin
g draft setting.

See the pdftex.def package documentation for explanation.
Type  H <return>  for immediate help.
 ...                                              
                                                  
l.65 ...ics[width = \textwidth]{Figures/Fig4c.eps}
                                                  
Try typing  <return>  to proceed.
If that doesn't work, type  X <return>  to quit.


LaTeX Warning: Reference `fig: Rebound Comparison (t,z)' on page 14 undefined o
n input line 69.


LaTeX Warning: Reference `fig: Rebound Comparison (t,z)' on page 14 undefined o
n input line 69.


LaTeX Warning: Float too large for page by 206.74698pt on input line 71.


LaTeX Warning: Reference `fig: Droplet Deformations' on page 14 undefined on in
put line 75.


LaTeX Warning: Reference `fig: Droplet Deformations' on page 14 undefined on in
put line 75.


LaTeX Warning: File `Figures/Fig5a.eps' not found on input line 81.

Package epstopdf Info: Source file: <Figures/Fig5a.eps>
(epstopdf)             Output file: <./Fig5a-eps-converted-to.pdf>
(epstopdf)             Command: <repstopdf --outfile=./Fig5a-eps-converted-to.p
df Figures/Fig5a.eps>
(epstopdf)             \includegraphics on input line 81.
Package epstopdf Info: Output file is already uptodate.

! Package pdftex.def Error: File `./Fig5a-eps-converted-to.pdf' not found: usin
g draft setting.

See the pdftex.def package documentation for explanation.
Type  H <return>  for immediate help.
 ...                                              
                                                  
l.81 ...ics[width = \textwidth]{Figures/Fig5a.eps}
                                                  
Try typing  <return>  to proceed.
If that doesn't work, type  X <return>  to quit.


LaTeX Warning: File `Figures/Fig5b.eps' not found on input line 84.

Package epstopdf Info: Source file: <Figures/Fig5b.eps>
(epstopdf)             Output file: <./Fig5b-eps-converted-to.pdf>
(epstopdf)             Command: <repstopdf --outfile=./Fig5b-eps-converted-to.p
df Figures/Fig5b.eps>
(epstopdf)             \includegraphics on input line 84.
Package epstopdf Info: Output file is already uptodate.

! Package pdftex.def Error: File `./Fig5b-eps-converted-to.pdf' not found: usin
g draft setting.

See the pdftex.def package documentation for explanation.
Type  H <return>  for immediate help.
 ...                                              
                                                  
l.84 ...ics[width = \textwidth]{Figures/Fig5b.eps}
                                                  
Try typing  <return>  to proceed.
If that doesn't work, type  X <return>  to quit.


LaTeX Warning: Reference `fig: Rebound Comparison (t,z)' on page 14 undefined o
n input line 86.


LaTeX Warning: Reference `fig: Rebound Comparison (t,z)' on page 14 undefined o
n input line 86.


LaTeX Warning: Reference `fig: Air Layer (x,t)' on page 14 undefined on input l
ine 93.


LaTeX Warning: Citation `thoroddsen2003air' on page 14 undefined on input line 
94.


LaTeX Warning: File `Figures/Fig6a.eps' not found on input line 99.

Package epstopdf Info: Source file: <Figures/Fig6a.eps>
(epstopdf)             Output file: <./Fig6a-eps-converted-to.pdf>
(epstopdf)             Command: <repstopdf --outfile=./Fig6a-eps-converted-to.p
df Figures/Fig6a.eps>
(epstopdf)             \includegraphics on input line 99.
Package epstopdf Info: Output file is already uptodate.

! Package pdftex.def Error: File `./Fig6a-eps-converted-to.pdf' not found: usin
g draft setting.

See the pdftex.def package documentation for explanation.
Type  H <return>  for immediate help.
 ...                                              
                                                  
l.99 ...ics[width = \textwidth]{Figures/Fig6a.eps}
                                                  
Try typing  <return>  to proceed.
If that doesn't work, type  X <return>  to quit.


LaTeX Warning: File `Figures/Fig6b.eps' not found on input line 103.

Package epstopdf Info: Source file: <Figures/Fig6b.eps>
(epstopdf)             Output file: <./Fig6b-eps-converted-to.pdf>
(epstopdf)             Command: <repstopdf --outfile=./Fig6b-eps-converted-to.p
df Figures/Fig6b.eps>
(epstopdf)             \includegraphics on input line 103.
Package epstopdf Info: Output file is already uptodate.

! Package pdftex.def Error: File `./Fig6b-eps-converted-to.pdf' not found: usin
g draft setting.

See the pdftex.def package documentation for explanation.
Type  H <return>  for immediate help.
 ...                                              
                                                  
l.103 ...cs[width = \textwidth]{Figures/Fig6b.eps}
                                                  
Try typing  <return>  to proceed.
If that doesn't work, type  X <return>  to quit.


LaTeX Warning: Reference `eq: Numeric LubricationEquation' on page 14 undefined
 on input line 107.


LaTeX Warning: Reference `fig: Rebound Comparison (t,z)' on page 14 undefined o
n input line 107.


LaTeX Warning: Reference `fig: h,Q,P nondimmed' on page 14 undefined on input l
ine 107.


LaTeX Warning: Reference `eq: Numeric LubricationEquation' on page 14 undefined
 on input line 107.


LaTeX Warning: Reference `fig: Rebound Comparison (t,z)' on page 14 undefined o
n input line 107.


LaTeX Warning: Reference `fig: h,Q,P nondimmed' on page 14 undefined on input l
ine 107.


LaTeX Warning: File `Figures/Fig7a.eps' not found on input line 116.

Package epstopdf Info: Source file: <Figures/Fig7a.eps>
(epstopdf)             Output file: <./Fig7a-eps-converted-to.pdf>
(epstopdf)             Command: <repstopdf --outfile=./Fig7a-eps-converted-to.p
df Figures/Fig7a.eps>
(epstopdf)             \includegraphics on input line 116.
Package epstopdf Info: Output file is already uptodate.

! Package pdftex.def Error: File `./Fig7a-eps-converted-to.pdf' not found: usin
g draft setting.

See the pdftex.def package documentation for explanation.
Type  H <return>  for immediate help.
 ...                                              
                                                  
l.116 ...th = \textwidth, left]{Figures/Fig7a.eps}
                                                  \caption{$t/t_\sigma=2.98$}
Try typing  <return>  to proceed.
If that doesn't work, type  X <return>  to quit.


LaTeX Warning: File `Figures/Fig7b.eps' not found on input line 119.

Package epstopdf Info: Source file: <Figures/Fig7b.eps>
(epstopdf)             Output file: <./Fig7b-eps-converted-to.pdf>
(epstopdf)             Command: <repstopdf --outfile=./Fig7b-eps-converted-to.p
df Figures/Fig7b.eps>
(epstopdf)             \includegraphics on input line 119.
Package epstopdf Info: Output file is already uptodate.

! Package pdftex.def Error: File `./Fig7b-eps-converted-to.pdf' not found: usin
g draft setting.

See the pdftex.def package documentation for explanation.
Type  H <return>  for immediate help.
 ...                                              
                                                  
l.119 ...th = \textwidth, left]{Figures/Fig7b.eps}
                                                  \caption{$t/t_\sigma=3.59$}
Try typing  <return>  to proceed.
If that doesn't work, type  X <return>  to quit.


LaTeX Warning: File `Figures/Fig7c.eps' not found on input line 122.

Package epstopdf Info: Source file: <Figures/Fig7c.eps>
(epstopdf)             Output file: <./Fig7c-eps-converted-to.pdf>
(epstopdf)             Command: <repstopdf --outfile=./Fig7c-eps-converted-to.p
df Figures/Fig7c.eps>
(epstopdf)             \includegraphics on input line 122.
Package epstopdf Info: Output file is already uptodate.

! Package pdftex.def Error: File `./Fig7c-eps-converted-to.pdf' not found: usin
g draft setting.

See the pdftex.def package documentation for explanation.
Type  H <return>  for immediate help.
 ...                                              
                                                  
l.122 ...h = \textwidth, right]{Figures/Fig7c.eps}
                                                  \caption{$t/t_\sigma=5.41$}
Try typing  <return>  to proceed.
If that doesn't work, type  X <return>  to quit.


LaTeX Warning: File `Figures/Fig7d.eps' not found on input line 125.

Package epstopdf Info: Source file: <Figures/Fig7d.eps>
(epstopdf)             Output file: <./Fig7d-eps-converted-to.pdf>
(epstopdf)             Command: <repstopdf --outfile=./Fig7d-eps-converted-to.p
df Figures/Fig7d.eps>
(epstopdf)             \includegraphics on input line 125.
Package epstopdf Info: Output file is already uptodate.

! Package pdftex.def Error: File `./Fig7d-eps-converted-to.pdf' not found: usin
g draft setting.

See the pdftex.def package documentation for explanation.
Type  H <return>  for immediate help.
 ...                                              
                                                  
l.125 ...h = \textwidth, right]{Figures/Fig7d.eps}
                                                  \caption{$t/t_\sigma=7.69$}
Try typing  <return>  to proceed.
If that doesn't work, type  X <return>  to quit.


LaTeX Warning: Reference `fig: Rebound Comparison (t,z)' on page 14 undefined o
n input line 127.


LaTeX Warning: Reference `fig: Pressure Surf' on page 14 undefined on input lin
e 127.


LaTeX Warning: Reference `fig: Rebound Comparison (t,z)' on page 14 undefined o
n input line 127.


LaTeX Warning: Reference `fig: Pressure Surf' on page 14 undefined on input lin
e 127.


LaTeX Warning: Citation `tang2019bouncing' on page 14 undefined on input line 1
31.


LaTeX Warning: Citation `galeano2021capillary' on page 14 undefined on input li
ne 131.


LaTeX Warning: Citation `alventosa2023inertio' on page 14 undefined on input li
ne 131.


LaTeX Warning: Citation `sprittles2024gas' on page 14 undefined on input line 1
31.


LaTeX Warning: Reference `fig: Pressures' on page 14 undefined on input line 13
3.


LaTeX Warning: Reference `fig: h,Q,P nondimmed' on page 14 undefined on input l
ine 133.


LaTeX Warning: Reference `fig: h,Q,P nondimmed' on page 14 undefined on input l
ine 135.


LaTeX Warning: Reference `fig: h,Q,P nondimmed' on page 14 undefined on input l
ine 137.


LaTeX Warning: Citation `phillips2024lubrication' on page 14 undefined on input
 line 137.


Underfull \vbox (badness 10000) has occurred while \output is active []



[14]

[15]

LaTeX Warning: Reference `fig: h,Q,P nondimmed' on page 16 undefined on input l
ine 139.


LaTeX Warning: Reference `fig: h,Q,P nondimmed' on page 16 undefined on input l
ine 141.


LaTeX Warning: Reference `fig: Deformation comparisons' on page 16 undefined on
 input line 151.



[16]

LaTeX Warning: File `Figures/Fig8.eps' not found on input line 155.

Package epstopdf Info: Source file: <Figures/Fig8.eps>
(epstopdf)             Output file: <./Fig8-eps-converted-to.pdf>
(epstopdf)             Command: <repstopdf --outfile=./Fig8-eps-converted-to.pd
f Figures/Fig8.eps>
(epstopdf)             \includegraphics on input line 155.
Package epstopdf Info: Output file is already uptodate.

! Package pdftex.def Error: File `./Fig8-eps-converted-to.pdf' not found: using
 draft setting.

See the pdftex.def package documentation for explanation.
Type  H <return>  for immediate help.
 ...                                              
                                                  
l.155 ...ics[width = \textwidth]{Figures/Fig8.eps}
                                                  
Try typing  <return>  to proceed.
If that doesn't work, type  X <return>  to quit.


Underfull \vbox (badness 10000) has occurred while \output is active []



[17]

[18]

[19]

LaTeX Warning: File `Figures/Fig9a.eps' not found on input line 168.

Package epstopdf Info: Source file: <Figures/Fig9a.eps>
(epstopdf)             Output file: <./Fig9a-eps-converted-to.pdf>
(epstopdf)             Command: <repstopdf --outfile=./Fig9a-eps-converted-to.p
df Figures/Fig9a.eps>
(epstopdf)             \includegraphics on input line 168.
Package epstopdf Info: Output file is already uptodate.

! Package pdftex.def Error: File `./Fig9a-eps-converted-to.pdf' not found: usin
g draft setting.

See the pdftex.def package documentation for explanation.
Type  H <return>  for immediate help.
 ...                                              
                                                  
l.168 ...cs[width = \textwidth]{Figures/Fig9a.eps}
                                                  
Try typing  <return>  to proceed.
If that doesn't work, type  X <return>  to quit.


LaTeX Warning: File `Figures/Fig9b.eps' not found on input line 172.

Package epstopdf Info: Source file: <Figures/Fig9b.eps>
(epstopdf)             Output file: <./Fig9b-eps-converted-to.pdf>
(epstopdf)             Command: <repstopdf --outfile=./Fig9b-eps-converted-to.p
df Figures/Fig9b.eps>
(epstopdf)             \includegraphics on input line 172.
Package epstopdf Info: Output file is already uptodate.

! Package pdftex.def Error: File `./Fig9b-eps-converted-to.pdf' not found: usin
g draft setting.

See the pdftex.def package documentation for explanation.
Type  H <return>  for immediate help.
 ...                                              
                                                  
l.172 ...cs[width = \textwidth]{Figures/Fig9b.eps}
                                                  
Try typing  <return>  to proceed.
If that doesn't work, type  X <return>  to quit.


LaTeX Warning: File `Figures/Fig9c.eps' not found on input line 176.

Package epstopdf Info: Source file: <Figures/Fig9c.eps>
(epstopdf)             Output file: <./Fig9c-eps-converted-to.pdf>
(epstopdf)             Command: <repstopdf --outfile=./Fig9c-eps-converted-to.p
df Figures/Fig9c.eps>
(epstopdf)             \includegraphics on input line 176.
Package epstopdf Info: Output file is already uptodate.

! Package pdftex.def Error: File `./Fig9c-eps-converted-to.pdf' not found: usin
g draft setting.

See the pdftex.def package documentation for explanation.
Type  H <return>  for immediate help.
 ...                                              
                                                  
l.176 ...cs[width = \textwidth]{Figures/Fig9c.eps}
                                                  
Try typing  <return>  to proceed.
If that doesn't work, type  X <return>  to quit.


LaTeX Warning: File `Figures/Fig9d.eps' not found on input line 180.

Package epstopdf Info: Source file: <Figures/Fig9d.eps>
(epstopdf)             Output file: <./Fig9d-eps-converted-to.pdf>
(epstopdf)             Command: <repstopdf --outfile=./Fig9d-eps-converted-to.p
df Figures/Fig9d.eps>
(epstopdf)             \includegraphics on input line 180.
Package epstopdf Info: Output file is already uptodate.

! Package pdftex.def Error: File `./Fig9d-eps-converted-to.pdf' not found: usin
g draft setting.

See the pdftex.def package documentation for explanation.
Type  H <return>  for immediate help.
 ...                                              
                                                  
l.180 ...cs[width = \textwidth]{Figures/Fig9d.eps}
                                                  
Try typing  <return>  to proceed.
If that doesn't work, type  X <return>  to quit.


LaTeX Warning: File `Figures/Fig9e.eps' not found on input line 184.

Package epstopdf Info: Source file: <Figures/Fig9e.eps>
(epstopdf)             Output file: <./Fig9e-eps-converted-to.pdf>
(epstopdf)             Command: <repstopdf --outfile=./Fig9e-eps-converted-to.p
df Figures/Fig9e.eps>
(epstopdf)             \includegraphics on input line 184.
Package epstopdf Info: Output file is already uptodate.

! Package pdftex.def Error: File `./Fig9e-eps-converted-to.pdf' not found: usin
g draft setting.

See the pdftex.def package documentation for explanation.
Type  H <return>  for immediate help.
 ...                                              
                                                  
l.184 ...cs[width = \textwidth]{Figures/Fig9e.eps}
                                                  
Try typing  <return>  to proceed.
If that doesn't work, type  X <return>  to quit.


LaTeX Warning: File `Figures/Fig9f.eps' not found on input line 188.

Package epstopdf Info: Source file: <Figures/Fig9f.eps>
(epstopdf)             Output file: <./Fig9f-eps-converted-to.pdf>
(epstopdf)             Command: <repstopdf --outfile=./Fig9f-eps-converted-to.p
df Figures/Fig9f.eps>
(epstopdf)             \includegraphics on input line 188.
Package epstopdf Info: Output file is already uptodate.

! Package pdftex.def Error: File `./Fig9f-eps-converted-to.pdf' not found: usin
g draft setting.

See the pdftex.def package documentation for explanation.
Type  H <return>  for immediate help.
 ...                                              
                                                  
l.188 ...cs[width = \textwidth]{Figures/Fig9f.eps}
                                                  
Try typing  <return>  to proceed.
If that doesn't work, type  X <return>  to quit.


LaTeX Warning: Float too large for page by 192.75885pt on input line 192.


LaTeX Warning: File `Figures/Fig10a.eps' not found on input line 197.

Package epstopdf Info: Source file: <Figures/Fig10a.eps>
(epstopdf)             Output file: <./Fig10a-eps-converted-to.pdf>
(epstopdf)             Command: <repstopdf --outfile=./Fig10a-eps-converted-to.
pdf Figures/Fig10a.eps>
(epstopdf)             \includegraphics on input line 197.
Package epstopdf Info: Output file is already uptodate.

! Package pdftex.def Error: File `./Fig10a-eps-converted-to.pdf' not found: usi
ng draft setting.

See the pdftex.def package documentation for explanation.
Type  H <return>  for immediate help.
 ...                                              
                                                  
l.197 ...s[width = \textwidth]{Figures/Fig10a.eps}
                                                  
Try typing  <return>  to proceed.
If that doesn't work, type  X <return>  to quit.


LaTeX Warning: File `Figures/Fig10b.eps' not found on input line 200.

Package epstopdf Info: Source file: <Figures/Fig10b.eps>
(epstopdf)             Output file: <./Fig10b-eps-converted-to.pdf>
(epstopdf)             Command: <repstopdf --outfile=./Fig10b-eps-converted-to.
pdf Figures/Fig10b.eps>
(epstopdf)             \includegraphics on input line 200.
Package epstopdf Info: Output file is already uptodate.

! Package pdftex.def Error: File `./Fig10b-eps-converted-to.pdf' not found: usi
ng draft setting.

See the pdftex.def package documentation for explanation.
Type  H <return>  for immediate help.
 ...                                              
                                                  
l.200 ...s[width = \textwidth]{Figures/Fig10b.eps}
                                                  
Try typing  <return>  to proceed.
If that doesn't work, type  X <return>  to quit.


LaTeX Warning: File `Figures/Fig10c.eps' not found on input line 203.

Package epstopdf Info: Source file: <Figures/Fig10c.eps>
(epstopdf)             Output file: <./Fig10c-eps-converted-to.pdf>
(epstopdf)             Command: <repstopdf --outfile=./Fig10c-eps-converted-to.
pdf Figures/Fig10c.eps>
(epstopdf)             \includegraphics on input line 203.
Package epstopdf Info: Output file is already uptodate.

! Package pdftex.def Error: File `./Fig10c-eps-converted-to.pdf' not found: usi
ng draft setting.

See the pdftex.def package documentation for explanation.
Type  H <return>  for immediate help.
 ...                                              
                                                  
l.203 ...s[width = \textwidth]{Figures/Fig10c.eps}
                                                  
Try typing  <return>  to proceed.
If that doesn't work, type  X <return>  to quit.


LaTeX Warning: Float too large for page by 841.22185pt on input line 207.


LaTeX Warning: Reference `fig: Comp We Oh' on page 20 undefined on input line 2
09.


LaTeX Warning: Reference `fig: Reynolds' on page 20 undefined on input line 209
.


LaTeX Warning: Reference `fig: Rebound Comparison (t,z)' on page 20 undefined o
n input line 211.


LaTeX Warning: Reference `fig: Reynolds' on page 20 undefined on input line 212
.


LaTeX Warning: Reference `fig: Comp We Oh' on page 20 undefined on input line 2
14.


LaTeX Warning: Citation `alventosa2023inertio' on page 20 undefined on input li
ne 214.


LaTeX Warning: Reference `fig: Comp We Oh' on page 20 undefined on input line 2
16.


LaTeX Warning: Citation `alventosa2023inertio' on page 20 undefined on input li
ne 216.


LaTeX Warning: Reference `fig: Reynolds' on page 20 undefined on input line 216
.


LaTeX Warning: Reference `fig: Droplet Deformations' on page 20 undefined on in
put line 218.


LaTeX Warning: Reference `fig:varyingviscosity' on page 20 undefined on input l
ine 220.


LaTeX Warning: Reference `app: Visc' on page 20 undefined on input line 220.


LaTeX Warning: Reference `fig: Air Layer (x,t)' on page 20 undefined on input l
ine 220.



[20]

[21]

[22]

LaTeX Warning: Reference `fig: Collapsed' on page 23 undefined on input line 22
2.


LaTeX Warning: File `Figures/Fig11a.eps' not found on input line 229.

Package epstopdf Info: Source file: <Figures/Fig11a.eps>
(epstopdf)             Output file: <./Fig11a-eps-converted-to.pdf>
(epstopdf)             Command: <repstopdf --outfile=./Fig11a-eps-converted-to.
pdf Figures/Fig11a.eps>
(epstopdf)             \includegraphics on input line 229.
Package epstopdf Info: Output file is already uptodate.

! Package pdftex.def Error: File `./Fig11a-eps-converted-to.pdf' not found: usi
ng draft setting.

See the pdftex.def package documentation for explanation.
Type  H <return>  for immediate help.
 ...                                              
                                                  
l.229 ...s[width = \textwidth]{Figures/Fig11a.eps}
                                                  
Try typing  <return>  to proceed.
If that doesn't work, type  X <return>  to quit.


LaTeX Warning: File `Figures/Fig11b.eps' not found on input line 233.

Package epstopdf Info: Source file: <Figures/Fig11b.eps>
(epstopdf)             Output file: <./Fig11b-eps-converted-to.pdf>
(epstopdf)             Command: <repstopdf --outfile=./Fig11b-eps-converted-to.
pdf Figures/Fig11b.eps>
(epstopdf)             \includegraphics on input line 233.
Package epstopdf Info: Output file is already uptodate.

! Package pdftex.def Error: File `./Fig11b-eps-converted-to.pdf' not found: usi
ng draft setting.

See the pdftex.def package documentation for explanation.
Type  H <return>  for immediate help.
 ...                                              
                                                  
l.233 ...s[width = \textwidth]{Figures/Fig11b.eps}
                                                  
Try typing  <return>  to proceed.
If that doesn't work, type  X <return>  to quit.

) (./Sections/Section5.tex

LaTeX Warning: Citation `nachbin2017tunneling' on page 23 undefined on input li
ne 4.


Underfull \vbox (badness 10000) has occurred while \output is active []



[23]

LaTeX Warning: Citation `couder2005walking' on page 24 undefined on input line 
6.


LaTeX Warning: Citation `milewski2015faraday' on page 24 undefined on input lin
e 8.


LaTeX Warning: Reference `sect:Model' on page 24 undefined on input line 8.


LaTeX Warning: Reference `fig: faraday' on page 24 undefined on input line 17.


LaTeX Warning: File `Figures/Fig12.eps' not found on input line 21.

Package epstopdf Info: Source file: <Figures/Fig12.eps>
(epstopdf)             Output file: <./Fig12-eps-converted-to.pdf>
(epstopdf)             Command: <repstopdf --outfile=./Fig12-eps-converted-to.p
df Figures/Fig12.eps>
(epstopdf)             \includegraphics on input line 21.
Package epstopdf Info: Output file is already uptodate.

! Package pdftex.def Error: File `./Fig12-eps-converted-to.pdf' not found: usin
g draft setting.

See the pdftex.def package documentation for explanation.
Type  H <return>  for immediate help.
 ...                                              
                                                  
l.21 ...phics[width=\textwidth]{Figures/Fig12.eps}
                                                  
Try typing  <return>  to proceed.
If that doesn't work, type  X <return>  to quit.


LaTeX Warning: Reference `fig: faraday' on page 24 undefined on input line 26.


LaTeX Warning: Citation `milewski2015faraday' on page 24 undefined on input lin
e 26.


LaTeX Warning: File `Figures/Fig13a.eps' not found on input line 34.

Package epstopdf Info: Source file: <Figures/Fig13a.eps>
(epstopdf)             Output file: <./Fig13a-eps-converted-to.pdf>
(epstopdf)             Command: <repstopdf --outfile=./Fig13a-eps-converted-to.
pdf Figures/Fig13a.eps>
(epstopdf)             \includegraphics on input line 34.
Package epstopdf Info: Output file is already uptodate.

! Package pdftex.def Error: File `./Fig13a-eps-converted-to.pdf' not found: usi
ng draft setting.

See the pdftex.def package documentation for explanation.
Type  H <return>  for immediate help.
 ...                                              
                                                  
l.34 ...hics[width=\textwidth]{Figures/Fig13a.eps}
                                                  
Try typing  <return>  to proceed.
If that doesn't work, type  X <return>  to quit.


LaTeX Warning: File `Figures/Fig13b.eps' not found on input line 38.

Package epstopdf Info: Source file: <Figures/Fig13b.eps>
(epstopdf)             Output file: <./Fig13b-eps-converted-to.pdf>
(epstopdf)             Command: <repstopdf --outfile=./Fig13b-eps-converted-to.
pdf Figures/Fig13b.eps>
(epstopdf)             \includegraphics on input line 38.
Package epstopdf Info: Output file is already uptodate.

! Package pdftex.def Error: File `./Fig13b-eps-converted-to.pdf' not found: usi
ng draft setting.

See the pdftex.def package documentation for explanation.
Type  H <return>  for immediate help.
 ...                                              
                                                  
l.38 ...hics[width=\textwidth]{Figures/Fig13b.eps}
                                                  
Try typing  <return>  to proceed.
If that doesn't work, type  X <return>  to quit.


LaTeX Warning: Citation `gilet2009fluid' on page 24 undefined on input line 46.



LaTeX Warning: Citation `okumura2003water' on page 24 undefined on input line 4
6.


LaTeX Warning: Citation `molavcek2013dropsA' on page 24 undefined on input line
 46.


LaTeX Warning: Citation `primkulov2025nonresonant' on page 24 undefined on inpu
t line 46.



[24]

[25]

LaTeX Warning: Reference `fig: Force Plot' on page 26 undefined on input line 5
5.


LaTeX Warning: Reference `fig: faraday' on page 26 undefined on input line 55.



[26]

LaTeX Warning: Reference `fig: Force Plot' on page 27 undefined on input line 5
7.

) (./Sections/Section6.tex

LaTeX Warning: Citation `tang2019bouncing' on page 27 undefined on input line 8
.


LaTeX Warning: Citation `galeano2021capillary' on page 27 undefined on input li
ne 10.


LaTeX Warning: Citation `alventosa2023inertio' on page 27 undefined on input li
ne 10.


LaTeX Warning: Citation `phillips2024lubrication' on page 27 undefined on input
 line 13.


LaTeX Warning: Citation `couder2005walking' on page 27 undefined on input line 
15.


LaTeX Warning: Citation `galeano2017non' on page 27 undefined on input line 15.



LaTeX Warning: Citation `durey2020faraday' on page 27 undefined on input line 1
5.


LaTeX Warning: Citation `nachbin2017tunneling' on page 27 undefined on input li
ne 15.


LaTeX Warning: Citation `primkulov2025nonresonant' on page 27 undefined on inpu
t line 15.

) (./Sections/Appendix.tex

[27]

LaTeX Warning: Reference `tab: Appendix' on page 28 undefined on input line 3.


LaTeX Warning: Reference `sect:Results' on page 28 undefined on input line 35.


LaTeX Warning: Reference `sect:Conclusion' on page 28 undefined on input line 3
5.


LaTeX Warning: Reference `sect:Results' on page 28 undefined on input line 35.


LaTeX Warning: Reference `sect:Conclusion' on page 28 undefined on input line 3
5.


LaTeX Warning: Reference `eq: laplace' on page 28 undefined on input line 40.


LaTeX Warning: Reference `eq: end of full system' on page 28 undefined on input
 line 40.



[28]

LaTeX Warning: File `Figures/Fig14.eps' not found on input line 59.

Package epstopdf Info: Source file: <Figures/Fig14.eps>
(epstopdf)             Output file: <./Fig14-eps-converted-to.pdf>
(epstopdf)             Command: <repstopdf --outfile=./Fig14-eps-converted-to.p
df Figures/Fig14.eps>
(epstopdf)             \includegraphics on input line 59.
Package epstopdf Info: Output file is already uptodate.

! Package pdftex.def Error: File `./Fig14-eps-converted-to.pdf' not found: usin
g draft setting.

See the pdftex.def package documentation for explanation.
Type  H <return>  for immediate help.
 ...                                              
                                                  
l.59 ...cs[width=0.9\textwidth]{Figures/Fig14.eps}
                                                  
Try typing  <return>  to proceed.
If that doesn't work, type  X <return>  to quit.


LaTeX Warning: Reference `fig:varyingviscosity' on page 29 undefined on input l
ine 64.


LaTeX Warning: Reference `fig:varyingviscosity' on page 29 undefined on input l
ine 66.

) (./main.bbl

[29]

[30]

[31]

[32])

[33] (./main.aux (./Figures/Fig1.aux))
 ***********
LaTeX2e <2024-11-01> patch level 2
L3 programming layer <2025-01-18>
 ***********


LaTeX Warning: There were undefined references.


LaTeX Warning: Label(s) may have changed. Rerun to get cross-references right.


Package rerunfilecheck Warning: File `main.out' has changed.
(rerunfilecheck)                Rerun to get outlines right
(rerunfilecheck)                or use package `bookmark'.

Package rerunfilecheck Info: Checksums for `main.out':
(rerunfilecheck)             Before: B5D1CC22E4FB9B99FA76351D3F6F01A0;174
(rerunfilecheck)             After:  DE2F9BF711A0AE08749BDD40CF32A8B6;2963.
 ) 
Here is how much of TeX's memory you used:
 28512 strings out of 473190
 534019 string characters out of 5715801
 1002748 words of memory out of 5000000
 50807 multiletter control sequences out of 15000+600000
 622483 words of font info for 260 fonts, out of 8000000 for 9000
 1141 hyphenation exceptions out of 8191
 102i,12n,107p,2247b,756s stack positions out of 10000i,1000n,20000p,200000b,200000s
</usr/local/texlive/2025/texmf-dist/fonts/type1/public/amsfonts/cm/cmbx10.pfb
></usr/local/texlive/2025/texmf-dist/fonts/type1/public/amsfonts/cm/cmex10.pfb>
</usr/local/texlive/2025/texmf-dist/fonts/type1/public/amsfonts/cm/cmmi10.pfb><
/usr/local/texlive/2025/texmf-dist/fonts/type1/public/amsfonts/cm/cmmi6.pfb></u
sr/local/texlive/2025/texmf-dist/fonts/type1/public/amsfonts/cm/cmmi7.pfb></usr
/local/texlive/2025/texmf-dist/fonts/type1/public/amsfonts/cm/cmmi8.pfb></usr/l
ocal/texlive/2025/texmf-dist/fonts/type1/public/amsfonts/cm/cmr10.pfb></usr/loc
al/texlive/2025/texmf-dist/fonts/type1/public/amsfonts/cm/cmr6.pfb></usr/local/
texlive/2025/texmf-dist/fonts/type1/public/amsfonts/cm/cmr8.pfb></usr/local/tex
live/2025/texmf-dist/fonts/type1/public/amsfonts/cm/cmsy10.pfb></usr/local/texl
ive/2025/texmf-dist/fonts/type1/public/amsfonts/cm/cmsy6.pfb></usr/local/texliv
e/2025/texmf-dist/fonts/type1/public/amsfonts/cm/cmsy8.pfb></usr/local/texlive/
2025/texmf-dist/fonts/type1/public/amsfonts/symbols/msam10.pfb></usr/local/texl
ive/2025/texmf-dist/fonts/type1/public/cm-super/sftt1095.pfb></usr/local/texliv
e/2025/texmf-dist/fonts/type1/urw/times/utmb8a.pfb></usr/local/texlive/2025/tex
mf-dist/fonts/type1/urw/times/utmr8a.pfb></usr/local/texlive/2025/texmf-dist/fo
nts/type1/urw/times/utmri8a.pfb>
Output written on main.pdf (33 pages, 330813 bytes).
PDF statistics:
 416 PDF objects out of 1000 (max. 8388607)
 343 compressed objects within 4 object streams
 171 named destinations out of 1000 (max. 500000)
 57877 words of extra memory for PDF output out of 61914 (max. 10000000)

